
> finkargo-analytics@1.0.0 build
> next build

  ▲ Next.js 14.2.25
  - Environments: .env.local, .env.production
  - Experiments (use with caution):
    · webpackBuildWorker

   Creating an optimized production build ...
 ✓ Compiled successfully
   Linting and checking validity of types ...

Failed to compile.

./src/__tests__/setup.ts
92:49  Error: Parsing error: '>' expected.

./src/components/ShareInsights.tsx
99:6  Warning: React Hook useEffect has a missing dependency: 'generateShareMessage'. Either include it or remove the dependency array.  react-hooks/exhaustive-deps

./src/components/SupplierComparison.tsx
261:6  Warning: React Hook useMemo has a missing dependency: 'calculateWeightedScore'. Either include it or remove the dependency array.  react-hooks/exhaustive-deps

./src/components/agents/AgentLogsInterface.tsx
40:6  Warning: React Hook useEffect has a missing dependency: 'loadData'. Either include it or remove the dependency array.  react-hooks/exhaustive-deps
47:6  Warning: React Hook useEffect has a missing dependency: 'loadData'. Either include it or remove the dependency array.  react-hooks/exhaustive-deps
51:6  Warning: React Hook useEffect has a missing dependency: 'filterLogs'. Either include it or remove the dependency array.  react-hooks/exhaustive-deps

./src/components/agents/AgentPerformanceAnalytics.tsx
31:6  Warning: React Hook useEffect has a missing dependency: 'loadData'. Either include it or remove the dependency array.  react-hooks/exhaustive-deps

./src/hooks/useAPIFetch.ts
97:6  Warning: React Hook useCallback has a missing dependency: 'retry'. Either include it or remove the dependency array.  react-hooks/exhaustive-deps
132:6  Warning: React Hook useEffect has missing dependencies: 'cacheKey' and 'fetchData'. Either include them or remove the dependency array.  react-hooks/exhaustive-deps
132:7  Warning: React Hook useEffect has a spread element in its dependency array. This means we can't statically verify whether you've passed the correct dependencies.  react-hooks/exhaustive-deps

info  - Need to disable some ESLint rules? Learn more here: https://nextjs.org/docs/basic-features/eslint#disabling-rules
